// Jest Snapshot v1, https://goo.gl/fbAQLP

exports[`AniDB pings AniDB server 1`] = `
"300 PONG
"
`;
